// Jest Snapshot v1, https://goo.gl/fbAQLP

exports[`Home renders with no data 1`] = `
<View
  style={
    Object {
      "flex": 1,
    }
  }
  testID="screenHome"
>
  <View
    style={
      Object {
        "backgroundColor": "rgb(242,243,245)",
        "flex": 1,
      }
    }
  >
    <RCTScrollView
      ListFooterComponent={[Function]}
      ListHeaderComponent={
        <HomeStreamHeader
          onLayout={[Function]}
        />
      }
      data={null}
      disableVirtualization={false}
      getItem={[Function]}
      getItemCount={[Function]}
      horizontal={false}
      initialNumToRender={2}
      keyExtractor={[Function]}
      maxToRenderPerBatch={10}
      numColumns={1}
      onContentSizeChange={[Function]}
      onEndReached={[Function]}
      onEndReachedThreshold={0.5}
      onLayout={[Function]}
      onMomentumScrollEnd={[Function]}
      onRefresh={[Function]}
      onScroll={[Function]}
      onScrollBeginDrag={[Function]}
      onScrollEndDrag={[Function]}
      refreshControl={
        <RefreshControlMock
          onRefresh={[Function]}
          progressViewOffset={undefined}
          refreshing={false}
        />
      }
      refreshing={false}
      renderItem={[Function]}
      scrollEventThrottle={50}
      stickyHeaderIndices={Array []}
      updateCellsBatchingPeriod={50}
      viewabilityConfigCallbackPairs={Array []}
      windowSize={21}
    >
      <RCTRefreshControl />
      <View>
        <View
          onLayout={[Function]}
          style={null}
        >
          <View>
            <View
              onLayout={[Function]}
              style={
                Object {
                  "backgroundColor": "white",
                }
              }
            >
              <Text
                accessible={true}
                allowFontScaling={true}
                ellipsizeMode="tail"
                style={
                  Array [
                    Object {
                      "color": "rgb(253,95,108)",
                      "fontFamily": "Roboto-Bold",
                      "fontSize": 13,
                    },
                    Object {
                      "margin": 30,
                      "marginBottom": 20,
                    },
                  ]
                }
              >
                See Who's Here
              </Text>
              <View>
                <RCTScrollView
                  ListEmptyComponent={<ActiveBannerPlaceholder />}
                  data={Array []}
                  disableVirtualization={false}
                  getItem={[Function]}
                  getItemCount={[Function]}
                  horizontal={true}
                  initialNumToRender={10}
                  keyExtractor={[Function]}
                  maxToRenderPerBatch={10}
                  numColumns={1}
                  onContentSizeChange={[Function]}
                  onEndReachedThreshold={2}
                  onLayout={[Function]}
                  onMomentumScrollEnd={[Function]}
                  onScroll={[Function]}
                  onScrollBeginDrag={[Function]}
                  onScrollEndDrag={[Function]}
                  renderItem={[Function]}
                  scrollEventThrottle={50}
                  showsHorizontalScrollIndicator={false}
                  stickyHeaderIndices={Array []}
                  updateCellsBatchingPeriod={50}
                  viewabilityConfigCallbackPairs={Array []}
                  windowSize={21}
                >
                  <View>
                    <View
                      onLayout={[Function]}
                      style={null}
                    >
                      <View
                        style={
                          Object {
                            "alignSelf": "flex-start",
                            "backgroundColor": "white",
                            "flex": 0,
                            "paddingBottom": 30,
                            "paddingLeft": 50,
                          }
                        }
                      >
                        <Image
                          resizeMode="contain"
                          source={
                            Object {
                              "testUri": "../../../images/geoBotPlaceholder.png",
                            }
                          }
                          style={
                            Object {
                              "height": 158,
                              "width": 144,
                            }
                          }
                        />
                        <Text
                          accessible={true}
                          allowFontScaling={true}
                          ellipsizeMode="tail"
                          numberOfLines={2}
                          style={
                            Array [
                              Object {
                                "color": "rgb(155,155,155)",
                                "fontFamily": "Roboto-Regular",
                                "fontSize": 13,
                              },
                              Object {
                                "left": -10,
                                "textAlign": "center",
                              },
                            ]
                          }
                        >
                          No Current
Visitors
                        </Text>
                      </View>
                    </View>
                  </View>
                </RCTScrollView>
              </View>
              <BlurView
                blurAmount={10}
                blurType="xlight"
                style={
                  Array [
                    Object {
                      "backgroundColor": "transparent",
                    },
                    Object {
                      "alignItems": "center",
                      "bottom": 0,
                      "flexDirection": "row",
                      "left": 0,
                      "padding": 40,
                      "paddingHorizontal": 60,
                      "position": "absolute",
                      "right": 0,
                      "top": 0,
                    },
                  ]
                }
              >
                <Image
                  resizeMode="contain"
                  source={
                    Object {
                      "testUri": "../../../images/footOpaquePink.png",
                    }
                  }
                  style={
                    Object {
                      "height": 89,
                      "marginRight": 40,
                      "width": 69,
                    }
                  }
                />
                <View
                  style={
                    Object {
                      "flex": 1,
                      "justifyContent": "center",
                    }
                  }
                >
                  <Text
                    accessible={true}
                    allowFontScaling={true}
                    ellipsizeMode="tail"
                    style={
                      Array [
                        Object {
                          "color": "rgb(253,95,108)",
                          "fontFamily": "Roboto-Bold",
                          "fontSize": 15,
                        },
                        undefined,
                      ]
                    }
                  >
                    SHARE YOUR VISITS!
                  </Text>
                  <Text
                    accessible={true}
                    allowFontScaling={true}
                    ellipsizeMode="tail"
                    style={
                      Array [
                        Object {
                          "color": "rgb(155,155,155)",
                          "fontFamily": "Roboto-Regular",
                          "fontSize": 13,
                        },
                        Object {
                          "marginTop": 10,
                        },
                      ]
                    }
                  >
                    Know when your friends visit your favorite places!
                  </Text>
                  <View
                    accessibilityComponentType={undefined}
                    accessibilityLabel={undefined}
                    accessibilityTraits={undefined}
                    accessible={true}
                    collapsable={undefined}
                    hasTVPreferredFocus={undefined}
                    hitSlop={undefined}
                    isTVSelectable={true}
                    nativeID={undefined}
                    onLayout={undefined}
                    onResponderGrant={[Function]}
                    onResponderMove={[Function]}
                    onResponderRelease={[Function]}
                    onResponderTerminate={[Function]}
                    onResponderTerminationRequest={[Function]}
                    onStartShouldSetResponder={[Function]}
                    style={
                      Object {
                        "alignSelf": "flex-start",
                        "borderColor": "rgb(253,95,108)",
                        "borderRadius": 2,
                        "borderWidth": 0.5,
                        "marginTop": 20,
                        "opacity": 1,
                        "padding": 16,
                      }
                    }
                    testID={undefined}
                    tvParallaxProperties={undefined}
                  >
                    <Text
                      accessible={true}
                      allowFontScaling={true}
                      ellipsizeMode="tail"
                      style={
                        Array [
                          Object {
                            "color": "rgb(253,95,108)",
                            "fontFamily": "Roboto-Medium",
                            "fontSize": 14,
                          },
                          undefined,
                        ]
                      }
                    >
                      GIVE LOCATION ACCESS
                    </Text>
                  </View>
                </View>
              </BlurView>
              <View
                style={
                  Object {
                    "alignItems": "center",
                    "backgroundColor": "rgb(255,255,255)",
                    "bottom": 0,
                    "flexDirection": "row",
                    "left": 0,
                    "padding": 40,
                    "paddingHorizontal": 60,
                    "position": "absolute",
                    "right": 0,
                    "top": 0,
                  }
                }
              >
                <Image
                  resizeMode="cover"
                  source={
                    Object {
                      "testUri": "../../../images/bannerBg.png",
                    }
                  }
                  style={
                    Object {
                      "bottom": 0,
                      "left": 0,
                      "position": "absolute",
                      "right": 0,
                      "top": 0,
                    }
                  }
                />
                <Image
                  resizeMode="contain"
                  source={
                    Object {
                      "testUri": "../../../images/footOpaquePink.png",
                    }
                  }
                  style={
                    Object {
                      "height": 89,
                      "marginRight": 40,
                      "width": 69,
                    }
                  }
                />
                <View
                  style={
                    Object {
                      "flex": 1,
                      "justifyContent": "center",
                    }
                  }
                >
                  <Text
                    accessible={true}
                    allowFontScaling={true}
                    ellipsizeMode="tail"
                    style={
                      Array [
                        Object {
                          "color": "rgb(253,95,108)",
                          "fontFamily": "Roboto-Bold",
                          "fontSize": 15,
                        },
                        undefined,
                      ]
                    }
                  >
                    Find out when your friends
visit your favorite places!
                  </Text>
                  <Text
                    accessible={true}
                    allowFontScaling={true}
                    ellipsizeMode="tail"
                    style={
                      Array [
                        Object {
                          "color": "rgb(155,155,155)",
                          "fontFamily": "Roboto-Regular",
                          "fontSize": 13,
                        },
                        Object {
                          "marginTop": 10,
                        },
                      ]
                    }
                  >
                    Start by tapping 
                    <Image
                      resizeMode="contain"
                      source={
                        Object {
                          "testUri": "../../../images/footOpaquePink.png",
                        }
                      }
                      style={
                        Object {
                          "height": 18,
                          "width": 15,
                        }
                      }
                    />
                     on your
favorite bots!
                  </Text>
                </View>
              </View>
            </View>
          </View>
        </View>
        <View
          onLayout={[Function]}
          style={null}
        >
          <View
            style={
              Array [
                undefined,
                Object {
                  "alignItems": "center",
                },
              ]
            }
          >
            <Image
              resizeMode="contain"
              source={
                Object {
                  "testUri": "../../../images/loader_pink.gif",
                }
              }
              style={
                Array [
                  Object {
                    "marginBottom": 21,
                    "marginTop": 10,
                  },
                  Object {
                    "height": 72,
                    "width": 72,
                  },
                ]
              }
            />
          </View>
        </View>
      </View>
    </RCTScrollView>
  </View>
  <View
    accessibilityComponentType={undefined}
    accessibilityLabel={undefined}
    accessibilityTraits={undefined}
    accessible={true}
    collapsable={undefined}
    hasTVPreferredFocus={undefined}
    hitSlop={undefined}
    isTVSelectable={true}
    nativeID={undefined}
    onLayout={undefined}
    onResponderGrant={[Function]}
    onResponderMove={[Function]}
    onResponderRelease={[Function]}
    onResponderTerminate={[Function]}
    onResponderTerminationRequest={[Function]}
    onStartShouldSetResponder={[Function]}
    style={
      Object {
        "backgroundColor": "rgb(254,92,108)",
        "borderRadius": 27,
        "bottom": 40,
        "height": 54,
        "opacity": 1,
        "position": "absolute",
        "right": 40,
        "shadowOffset": Object {
          "height": 0,
          "width": 2,
        },
        "shadowOpacity": 0.18,
        "shadowRadius": 4,
        "width": 54,
      }
    }
    testID={undefined}
    tvParallaxProperties={undefined}
  >
    <View
      style={
        Object {
          "alignItems": "center",
          "flex": 1,
          "justifyContent": "center",
        }
      }
    >
      <Image
        source={
          Object {
            "testUri": "../../../images/iconCreateBot.png",
          }
        }
        style={undefined}
      />
    </View>
  </View>
</View>
`;
