// Jest Snapshot v1, https://goo.gl/fbAQLP

exports[`BotDetailsHeader renders with test bot 1`] = `
<View
  style={
    Object {
      "flex": 1,
    }
  }
>
  <View
    style={
      Object {
        "backgroundColor": "white",
        "height": 750,
        "overflow": "hidden",
      }
    }
  >
    <View
      style={
        Object {
          "alignItems": "center",
          "flex": 1,
          "justifyContent": "center",
        }
      }
    >
      <Image
        resizeMode="contain"
        source={
          Object {
            "testUri": "../../../images/loader_pink.gif",
          }
        }
        style={
          Array [
            undefined,
            Object {
              "height": 72,
              "width": 72,
            },
          ]
        }
      />
    </View>
    <View
      collapsable={undefined}
      pointerEvents="none"
      style={
        Object {
          "alignItems": "center",
          "height": 750,
          "justifyContent": "center",
          "left": 0,
          "opacity": 0,
          "position": "absolute",
          "right": 0,
        }
      }
    >
      <Image
        source={
          Object {
            "testUri": "../../../images/iconBotAdded.png",
          }
        }
      />
    </View>
  </View>
  <View>
    <View
      style={
        Object {
          "backgroundColor": "white",
          "padding": 40,
        }
      }
    />
    <View
      style={
        Array [
          Object {
            "backgroundColor": "white",
            "padding": 40,
          },
          Object {
            "alignItems": "center",
            "alignSelf": "stretch",
            "flexDirection": "row",
            "height": 45,
            "marginTop": 8.5,
          },
        ]
      }
    >
      <Image
        source={
          Object {
            "testUri": "../../../images/postsIcon.png",
          }
        }
        style={
          Object {
            "height": 14,
            "width": 14,
          }
        }
      />
      <Text
        accessible={true}
        allowFontScaling={true}
        ellipsizeMode="tail"
        style={
          Array [
            Object {
              "color": "rgb(63,50,77)",
              "fontFamily": "Roboto-Regular",
              "fontSize": 15,
            },
            Object {
              "letterSpacing": 0.3,
              "marginLeft": 7,
            },
          ]
        }
      >
        Posts
      </Text>
      <Text
        accessible={true}
        allowFontScaling={true}
        ellipsizeMode="tail"
        style={
          Array [
            Object {
              "color": "rgb(155,155,155)",
              "fontFamily": "Roboto-Regular",
              "fontSize": 12,
            },
            Object {
              "marginLeft": 7,
            },
          ]
        }
      >
        0
      </Text>
    </View>
    <View
      style={
        Object {
          "height": 1,
          "width": 750,
        }
      }
    />
  </View>
</View>
`;
