// Jest Snapshot v1, https://goo.gl/fbAQLP

exports[`ChatScreen renders with no data 1`] = `
<View
  pointerEvents="box-none"
  style={
    Object {
      "flex": 1,
      "transform": Array [
        Object {
          "translateY": 0,
        },
      ],
    }
  }
>
  <View
    style={
      Object {
        "flex": 1,
      }
    }
  >
    <RCTScrollView
      ListFooterComponent={null}
      automaticallyAdjustContentInsets={false}
      contentInset={
        Object {
          "bottom": 0,
        }
      }
      data={Array []}
      disableVirtualization={false}
      enableAutomaticScroll={true}
      enableOnAndroid={false}
      enableResetScrollToCoords={true}
      extraHeight={75}
      extraScrollHeight={0}
      getItem={[Function]}
      getItemCount={[Function]}
      getScrollResponder={[Function]}
      handleOnScroll={[Function]}
      horizontal={false}
      initialNumToRender={10}
      invertStickyHeaders={true}
      inverted={true}
      keyExtractor={[Function]}
      keyboardDismissMode="on-drag"
      keyboardOpeningTime={250}
      keyboardSpace={0}
      maxToRenderPerBatch={10}
      numColumns={1}
      onContentSizeChange={[Function]}
      onEndReached={[Function]}
      onEndReachedThreshold={0.5}
      onLayout={[Function]}
      onMomentumScrollEnd={[Function]}
      onScroll={[Function]}
      onScrollBeginDrag={[Function]}
      onScrollEndDrag={[Function]}
      removeClippedSubviews={false}
      renderItem={[Function]}
      resetKeyboardSpace={[Function]}
      scrollEventThrottle={1}
      scrollForExtraHeightOnAndroid={[Function]}
      scrollIntoView={[Function]}
      scrollToEnd={[Function]}
      scrollToFocusedInput={[Function]}
      scrollToPosition={[Function]}
      showsVerticalScrollIndicator={false}
      stickyHeaderIndices={Array []}
      style={
        Object {
          "paddingHorizontal": 10,
        }
      }
      update={[Function]}
      updateCellsBatchingPeriod={50}
      viewIsInsideTabBar={false}
      viewabilityConfigCallbackPairs={Array []}
      windowSize={21}
    >
      <View />
    </RCTScrollView>
  </View>
</View>
`;
