// Jest Snapshot v1, https://goo.gl/fbAQLP

exports[`Home renders with no data 1`] = `
<View
  style={
    Object {
      "flex": 1,
      "justifyContent": "space-between",
    }
  }
  testID="screenHome"
>
  <View
    style={
      Array [
        Object {
          "bottom": 0,
          "left": 0,
          "position": "absolute",
          "right": 0,
          "top": 0,
        },
        Object {
          "bottom": -100,
        },
        Object {
          "alignItems": "center",
          "flex": 1,
          "justifyContent": "center",
        },
      ]
    }
  >
    <Image
      resizeMode="contain"
      source={
        Object {
          "testUri": "../../../images/loader_pink.gif",
        }
      }
      style={
        Array [
          undefined,
          Object {
            "height": 72,
            "width": 72,
          },
        ]
      }
    />
  </View>
  <View
    onStartShouldSetResponder={[Function]}
    pointerEvents="box-none"
    style={
      Object {
        "transform": Array [
          Object {
            "translateY": 0,
          },
        ],
      }
    }
  >
    <View
      style={
        Object {
          "backgroundColor": "white",
          "paddingTop": 56,
          "shadowColor": "rgb(212,212,212)",
          "shadowOffset": Object {
            "height": 2,
            "width": 0,
          },
          "shadowOpacity": 1,
          "shadowRadius": 5,
        }
      }
    >
      <RCTScrollView
        ListEmptyComponent={<ActiveBannerPlaceholder />}
        data={Array []}
        disableVirtualization={false}
        getItem={[Function]}
        getItemCount={[Function]}
        horizontal={true}
        initialNumToRender={10}
        keyExtractor={[Function]}
        maxToRenderPerBatch={10}
        numColumns={1}
        onContentSizeChange={[Function]}
        onEndReachedThreshold={2}
        onLayout={[Function]}
        onMomentumScrollEnd={[Function]}
        onScroll={[Function]}
        onScrollBeginDrag={[Function]}
        onScrollEndDrag={[Function]}
        renderItem={[Function]}
        scrollEventThrottle={50}
        showsHorizontalScrollIndicator={false}
        stickyHeaderIndices={Array []}
        style={
          Object {
            "paddingLeft": 16,
          }
        }
        updateCellsBatchingPeriod={50}
        viewabilityConfigCallbackPairs={Array []}
        windowSize={21}
      >
        <View>
          <View
            style={
              Object {
                "flexDirection": "row",
                "justifyContent": "center",
              }
            }
          >
            <View
              accessible={true}
              isTVSelectable={true}
              onResponderGrant={[Function]}
              onResponderMove={[Function]}
              onResponderRelease={[Function]}
              onResponderTerminate={[Function]}
              onResponderTerminationRequest={[Function]}
              onStartShouldSetResponder={[Function]}
              style={
                Object {
                  "opacity": 1,
                }
              }
            >
              <View
                style={
                  Array [
                    Object {
                      "alignSelf": "flex-start",
                      "flex": 0,
                      "paddingHorizontal": 16,
                      "paddingVertical": 12,
                    },
                    Object {
                      "marginLeft": 6,
                    },
                  ]
                }
              >
                <Image
                  resizeMode="contain"
                  source={
                    Object {
                      "testUri": "../../../images/NewPin.png",
                    }
                  }
                  style={
                    Object {
                      "height": 62,
                      "marginLeft": -6.6000000000000005,
                      "width": 56,
                    }
                  }
                />
                <Text
                  numberOfLines={2}
                  style={
                    Array [
                      Object {
                        "color": "rgb(253,95,108)",
                        "fontFamily": "Roboto-Regular",
                        "fontSize": 13,
                      },
                      Object {
                        "left": -10,
                        "textAlign": "center",
                      },
                    ]
                  }
                >
                  New!
                </Text>
              </View>
            </View>
            <View
              style={
                Object {
                  "alignSelf": "flex-start",
                  "flex": 0,
                  "paddingHorizontal": 16,
                  "paddingVertical": 12,
                }
              }
            >
              <Image
                source={
                  Object {
                    "testUri": "../../../images/PlaceholderPin.png",
                  }
                }
                style={
                  Object {
                    "height": 57,
                    "marginTop": 5,
                    "width": 51,
                  }
                }
              />
            </View>
            <View
              style={
                Object {
                  "alignSelf": "flex-start",
                  "flex": 0,
                  "paddingHorizontal": 16,
                  "paddingVertical": 12,
                }
              }
            >
              <Image
                source={
                  Object {
                    "testUri": "../../../images/PlaceholderPin.png",
                  }
                }
                style={
                  Object {
                    "height": 57,
                    "marginTop": 5,
                    "width": 51,
                  }
                }
              />
            </View>
            <View
              style={
                Object {
                  "alignSelf": "flex-start",
                  "flex": 0,
                  "paddingHorizontal": 16,
                  "paddingVertical": 12,
                }
              }
            >
              <Image
                source={
                  Object {
                    "testUri": "../../../images/PlaceholderPin.png",
                  }
                }
                style={
                  Object {
                    "height": 57,
                    "marginTop": 5,
                    "width": 51,
                  }
                }
              />
            </View>
          </View>
        </View>
      </RCTScrollView>
      <BlurView
        blurAmount={10}
        blurType="xlight"
        style={
          Array [
            Object {
              "backgroundColor": "transparent",
            },
            Object {
              "alignItems": "center",
              "bottom": 0,
              "flexDirection": "row",
              "left": 0,
              "padding": 40,
              "paddingHorizontal": 60,
              "paddingTop": 70,
              "position": "absolute",
              "right": 0,
              "top": 0,
            },
          ]
        }
      >
        <Image
          resizeMode="contain"
          source={
            Object {
              "testUri": "../../../images/footOpaquePink.png",
            }
          }
          style={
            Object {
              "height": 89,
              "marginRight": 40,
              "width": 69,
            }
          }
        />
        <View
          style={
            Object {
              "flex": 1,
              "justifyContent": "center",
            }
          }
        >
          <Text
            style={
              Array [
                Object {
                  "color": "rgb(253,95,108)",
                  "fontFamily": "Roboto-Bold",
                  "fontSize": 15,
                },
                undefined,
              ]
            }
          >
            SHARE YOUR VISITS!
          </Text>
          <Text
            style={
              Array [
                Object {
                  "color": "rgb(155,155,155)",
                  "fontFamily": "Roboto-Regular",
                  "fontSize": 13,
                },
                Object {
                  "marginTop": 10,
                },
              ]
            }
          >
            Know when your friends visit your favorite places!
          </Text>
          <View
            accessible={true}
            isTVSelectable={true}
            onResponderGrant={[Function]}
            onResponderMove={[Function]}
            onResponderRelease={[Function]}
            onResponderTerminate={[Function]}
            onResponderTerminationRequest={[Function]}
            onStartShouldSetResponder={[Function]}
            style={
              Object {
                "alignSelf": "flex-start",
                "borderColor": "rgb(253,95,108)",
                "borderRadius": 2,
                "borderWidth": 0.5,
                "marginTop": 20,
                "opacity": 1,
                "padding": 16,
              }
            }
          >
            <Text
              style={
                Array [
                  Object {
                    "color": "rgb(253,95,108)",
                    "fontFamily": "Roboto-Medium",
                    "fontSize": 14,
                  },
                  undefined,
                ]
              }
            >
              GIVE LOCATION ACCESS
            </Text>
          </View>
        </View>
      </BlurView>
      <BlurView
        blurAmount={10}
        blurType="xlight"
        style={
          Array [
            Object {
              "backgroundColor": "transparent",
            },
            Object {
              "alignItems": "center",
              "bottom": 0,
              "flexDirection": "row",
              "left": 0,
              "padding": 40,
              "paddingHorizontal": 60,
              "paddingTop": 70,
              "position": "absolute",
              "right": 0,
              "top": 0,
            },
          ]
        }
      >
        <Image
          resizeMode="contain"
          source={
            Object {
              "testUri": "../../../images/footOpaquePink.png",
            }
          }
          style={
            Object {
              "marginRight": 40,
              "width": 42,
            }
          }
        />
        <View
          style={
            Object {
              "flex": 1,
              "justifyContent": "center",
            }
          }
        >
          <Text
            style={
              Array [
                Object {
                  "color": "rgb(253,95,108)",
                  "fontFamily": "Roboto-Bold",
                  "fontSize": 15,
                },
                undefined,
              ]
            }
          >
            See visits to your favorite locations!
          </Text>
          <View
            accessible={true}
            isTVSelectable={true}
            onResponderGrant={[Function]}
            onResponderMove={[Function]}
            onResponderRelease={[Function]}
            onResponderTerminate={[Function]}
            onResponderTerminationRequest={[Function]}
            onStartShouldSetResponder={[Function]}
            style={
              Object {
                "alignSelf": "flex-start",
                "borderColor": "rgb(253,95,108)",
                "borderRadius": 2,
                "borderWidth": 0.5,
                "marginTop": 20,
                "opacity": 1,
                "padding": 16,
              }
            }
          >
            <Text
              style={
                Array [
                  Object {
                    "color": "rgb(253,95,108)",
                    "fontFamily": "Roboto-Medium",
                    "fontSize": 14,
                  },
                  undefined,
                ]
              }
            >
              Turn Off Invisible Mode
            </Text>
          </View>
        </View>
      </BlurView>
    </View>
    <View
      pointerEvents="box-none"
      style={
        Object {
          "alignItems": "center",
          "alignSelf": "flex-end",
          "marginRight": 10,
          "marginTop": 15,
        }
      }
    >
      <View
        accessible={true}
        isTVSelectable={true}
        onResponderGrant={[Function]}
        onResponderMove={[Function]}
        onResponderRelease={[Function]}
        onResponderTerminate={[Function]}
        onResponderTerminationRequest={[Function]}
        onStartShouldSetResponder={[Function]}
        style={
          Object {
            "opacity": 1,
          }
        }
      >
        <Image
          source={
            Object {
              "testUri": "../../../images/settingsBtn.png",
            }
          }
        />
      </View>
      <View
        accessible={true}
        isTVSelectable={true}
        onResponderGrant={[Function]}
        onResponderMove={[Function]}
        onResponderRelease={[Function]}
        onResponderTerminate={[Function]}
        onResponderTerminationRequest={[Function]}
        onStartShouldSetResponder={[Function]}
        style={
          Object {
            "marginTop": 15,
            "opacity": 1,
          }
        }
      >
        <Image
          source={
            Object {
              "testUri": "../../../images/info.png",
            }
          }
        />
      </View>
    </View>
  </View>
</View>
`;
