// Jest Snapshot v1, https://goo.gl/fbAQLP

exports[`MyAccount renders 1`] = `
<RCTScrollView
  automaticallyAdjustContentInsets={false}
  contentInset={
    Object {
      "bottom": 0,
    }
  }
  enableAutomaticScroll={true}
  enableOnAndroid={false}
  enableResetScrollToCoords={true}
  extraHeight={75}
  extraScrollHeight={0}
  getScrollResponder={[Function]}
  handleOnScroll={[Function]}
  keyboardDismissMode="interactive"
  keyboardOpeningTime={250}
  keyboardSpace={0}
  onScroll={[Function]}
  resetKeyboardSpace={[Function]}
  scrollEventThrottle={1}
  scrollForExtraHeightOnAndroid={[Function]}
  scrollIntoView={[Function]}
  scrollToEnd={[Function]}
  scrollToFocusedInput={[Function]}
  scrollToPosition={[Function]}
  showsVerticalScrollIndicator={true}
  testID="myAccountScrollView"
  update={[Function]}
  viewIsInsideTabBar={false}
>
  <View>
    <View
      style={
        Object {
          "alignItems": "center",
          "backgroundColor": "white",
          "justifyContent": "center",
          "paddingBottom": 20,
          "paddingTop": 10,
          "width": "100%",
        }
      }
    >
      <View
        accessible={true}
        isTVSelectable={true}
        onResponderGrant={[Function]}
        onResponderMove={[Function]}
        onResponderRelease={[Function]}
        onResponderTerminate={[Function]}
        onResponderTerminationRequest={[Function]}
        onStartShouldSetResponder={[Function]}
        style={
          Object {
            "alignItems": "center",
            "justifyContent": "center",
            "opacity": 1,
          }
        }
      >
        <View>
          <Image
            resizeMode="contain"
            source={
              Object {
                "testUri": "../../../images/addPhoto.png",
              }
            }
            style={
              Array [
                Object {
                  "borderRadius": 72,
                  "height": 144,
                  "width": 144,
                },
                undefined,
                undefined,
              ]
            }
          />
        </View>
      </View>
    </View>
    <View
      style={
        Object {
          "alignItems": "center",
          "backgroundColor": "white",
          "width": "100%",
        }
      }
    >
      <View
        style={
          Object {
            "width": "80%",
          }
        }
      >
        <Text
          accessible={true}
          allowFontScaling={true}
          ellipsizeMode="tail"
          style={
            Array [
              Object {
                "color": undefined,
                "fontFamily": "Roboto-Medium",
                "fontSize": 17,
              },
              Object {
                "color": "rgb(63,50,77)",
              },
            ]
          }
          testID="profileInfo"
        >
          About
        </Text>
        <View>
          <View
            style={
              Object {
                "height": 10,
              }
            }
          />
          <View
            style={
              Array [
                Object {
                  "alignItems": "center",
                  "flexDirection": "row",
                  "paddingBottom": 13,
                  "paddingHorizontal": 10,
                  "paddingTop": 9,
                },
                Object {
                  "justifyContent": "center",
                  "paddingTop": 2,
                },
              ]
            }
          >
            <View
              style={
                Object {
                  "alignItems": "center",
                }
              }
            >
              <Image
                source={
                  Object {
                    "testUri": "../../../images/iconUsernameNew.png",
                  }
                }
                style={
                  Array [
                    Object {
                      "marginLeft": 16,
                      "marginRight": 13,
                    },
                    undefined,
                  ]
                }
              />
            </View>
            <View
              style={
                Object {
                  "alignItems": "center",
                  "flex": 1,
                  "flexDirection": "row",
                  "justifyContent": "center",
                }
              }
            >
              <TextInput
                allowFontScaling={true}
                autoCapitalize="none"
                autoCorrect={false}
                clearButtonMode="while-editing"
                icon={
                  Object {
                    "testUri": "../../../images/iconUsernameNew.png",
                  }
                }
                label="Username"
                onChangeText={[Function]}
                onSubmitEditing={[Function]}
                placeholder="Username"
                placeholderTextColor="rgb(212,212,212)"
                returnKeyType="next"
                store={
                  ValidateItem {
                    "errorMessage": "",
                    "isValid": undefined,
                    "key": "handle",
                    "value": "southerneer",
                    Symbol(mobx did run lazy initializers): true,
                    Symbol(mobx administration): ObservableObjectAdministration$$1 {
                      "defaultEnhancer": [Function],
                      "keysAtom": Atom$$1 {
                        "diffValue": 0,
                        "isBeingObserved": false,
                        "isPendingUnobservation": false,
                        "lastAccessedBy": 0,
                        "lowestObserverState": 2,
                        "name": "ValidateItem@3.keys",
                        "observers": Set {},
                      },
                      "name": "ValidateItem@3",
                      "target": [Circular],
                      "values": Map {
                        "errorMessage" => "",
                        "value" => "southerneer",
                        "isValid" => undefined,
                      },
                    },
                  }
                }
                style={
                  Object {
                    "color": "rgb(63,50,77)",
                    "flex": 1,
                    "fontFamily": "Roboto-Regular",
                    "fontSize": 18,
                  }
                }
                underlineColorAndroid="transparent"
                value="southerneer"
              />
              <View
                style={
                  Object {
                    "alignItems": "center",
                    "justifyContent": "center",
                    "width": 30,
                  }
                }
              />
            </View>
          </View>
          <View
            style={
              Array [
                Object {
                  "backgroundColor": "rgba(63, 50, 77, .2)",
                  "height": 0.5,
                },
                undefined,
              ]
            }
          />
        </View>
        <View>
          <View
            style={
              Object {
                "height": 10,
              }
            }
          />
          <View
            style={
              Array [
                Object {
                  "alignItems": "center",
                  "flexDirection": "row",
                  "paddingBottom": 13,
                  "paddingHorizontal": 10,
                  "paddingTop": 9,
                },
                Object {
                  "justifyContent": "center",
                  "paddingTop": 2,
                },
              ]
            }
          >
            <View
              style={
                Object {
                  "alignItems": "center",
                }
              }
            >
              <Image
                source={
                  Object {
                    "testUri": "../../../images/iconSubsNew.png",
                  }
                }
                style={
                  Array [
                    Object {
                      "marginLeft": 16,
                      "marginRight": 13,
                    },
                    undefined,
                  ]
                }
              />
            </View>
            <View
              style={
                Object {
                  "alignItems": "center",
                  "flex": 1,
                  "flexDirection": "row",
                  "justifyContent": "center",
                }
              }
            >
              <TextInput
                allowFontScaling={true}
                autoCorrect={false}
                clearButtonMode="while-editing"
                icon={
                  Object {
                    "testUri": "../../../images/iconSubsNew.png",
                  }
                }
                label="First Name"
                onChangeText={[Function]}
                onSubmitEditing={[Function]}
                placeholder="First Name"
                placeholderTextColor="rgb(212,212,212)"
                returnKeyType="next"
                store={
                  ValidateItem {
                    "errorMessage": "",
                    "isValid": undefined,
                    "key": "firstName",
                    "value": "eric",
                    Symbol(mobx did run lazy initializers): true,
                    Symbol(mobx administration): ObservableObjectAdministration$$1 {
                      "defaultEnhancer": [Function],
                      "keysAtom": Atom$$1 {
                        "diffValue": 0,
                        "isBeingObserved": false,
                        "isPendingUnobservation": false,
                        "lastAccessedBy": 0,
                        "lowestObserverState": 2,
                        "name": "ValidateItem@8.keys",
                        "observers": Set {},
                      },
                      "name": "ValidateItem@8",
                      "target": [Circular],
                      "values": Map {
                        "errorMessage" => "",
                        "value" => "eric",
                        "isValid" => undefined,
                      },
                    },
                  }
                }
                style={
                  Object {
                    "color": "rgb(63,50,77)",
                    "flex": 1,
                    "fontFamily": "Roboto-Regular",
                    "fontSize": 18,
                  }
                }
                underlineColorAndroid="transparent"
                value="eric"
              />
              <View
                style={
                  Object {
                    "alignItems": "center",
                    "justifyContent": "center",
                    "width": 30,
                  }
                }
              />
            </View>
          </View>
          <View
            style={
              Array [
                Object {
                  "backgroundColor": "rgba(63, 50, 77, .2)",
                  "height": 0.5,
                },
                undefined,
              ]
            }
          />
        </View>
        <View>
          <View
            style={
              Object {
                "height": 10,
              }
            }
          />
          <View
            style={
              Array [
                Object {
                  "alignItems": "center",
                  "flexDirection": "row",
                  "paddingBottom": 13,
                  "paddingHorizontal": 10,
                  "paddingTop": 9,
                },
                Object {
                  "justifyContent": "center",
                  "paddingTop": 2,
                },
              ]
            }
          >
            <View
              style={
                Object {
                  "alignItems": "center",
                  "flex": 1,
                  "flexDirection": "row",
                  "justifyContent": "center",
                }
              }
            >
              <View
                style={
                  Object {
                    "width": 40,
                  }
                }
              />
              <TextInput
                allowFontScaling={true}
                autoCorrect={false}
                clearButtonMode="while-editing"
                label="Last Name"
                onChangeText={[Function]}
                onSubmitEditing={[Function]}
                placeholder="Last Name"
                placeholderTextColor="rgb(212,212,212)"
                returnKeyType="next"
                store={
                  ValidateItem {
                    "errorMessage": "",
                    "isValid": undefined,
                    "key": "lastName",
                    "value": "kirkham",
                    Symbol(mobx did run lazy initializers): true,
                    Symbol(mobx administration): ObservableObjectAdministration$$1 {
                      "defaultEnhancer": [Function],
                      "keysAtom": Atom$$1 {
                        "diffValue": 0,
                        "isBeingObserved": false,
                        "isPendingUnobservation": false,
                        "lastAccessedBy": 0,
                        "lowestObserverState": 2,
                        "name": "ValidateItem@11.keys",
                        "observers": Set {},
                      },
                      "name": "ValidateItem@11",
                      "target": [Circular],
                      "values": Map {
                        "errorMessage" => "",
                        "value" => "kirkham",
                        "isValid" => undefined,
                      },
                    },
                  }
                }
                style={
                  Object {
                    "color": "rgb(63,50,77)",
                    "flex": 1,
                    "fontFamily": "Roboto-Regular",
                    "fontSize": 18,
                  }
                }
                underlineColorAndroid="transparent"
                value="kirkham"
              />
              <View
                style={
                  Object {
                    "alignItems": "center",
                    "justifyContent": "center",
                    "width": 30,
                  }
                }
              />
            </View>
          </View>
          <View
            style={
              Array [
                Object {
                  "backgroundColor": "rgba(63, 50, 77, .2)",
                  "height": 0.5,
                },
                undefined,
              ]
            }
          />
        </View>
        <Text
          accessible={true}
          allowFontScaling={true}
          ellipsizeMode="tail"
          style={
            Array [
              Object {
                "color": undefined,
                "fontFamily": "Roboto-Medium",
                "fontSize": 17,
              },
              Object {
                "color": "rgb(63,50,77)",
                "marginBottom": 7,
                "marginTop": 30,
              },
            ]
          }
          testID="profileInfo"
        >
          Info
        </Text>
        <View>
          <View
            style={
              Object {
                "height": 10,
              }
            }
          />
          <View
            style={
              Array [
                Object {
                  "alignItems": "center",
                  "flexDirection": "row",
                  "paddingBottom": 13,
                  "paddingHorizontal": 10,
                  "paddingTop": 9,
                },
                Object {
                  "justifyContent": "center",
                  "paddingTop": 2,
                },
              ]
            }
          >
            <View
              style={
                Object {
                  "alignItems": "center",
                }
              }
            >
              <Image
                source={
                  Object {
                    "testUri": "../../../images/phone.png",
                  }
                }
                style={
                  Array [
                    Object {
                      "marginLeft": 16,
                      "marginRight": 13,
                    },
                    undefined,
                  ]
                }
              />
            </View>
            <View
              style={
                Object {
                  "alignItems": "center",
                  "flex": 1,
                  "flexDirection": "row",
                  "justifyContent": "center",
                }
              }
            >
              <TextInput
                allowFontScaling={true}
                autoCorrect={false}
                clearButtonMode="while-editing"
                editable={false}
                icon={
                  Object {
                    "testUri": "../../../images/phone.png",
                  }
                }
                label="Phone"
                onChangeText={[Function]}
                placeholder="Phone"
                placeholderTextColor="rgb(212,212,212)"
                returnKeyType="next"
                style={
                  Object {
                    "color": "rgb(63,50,77)",
                    "flex": 1,
                    "fontFamily": "Roboto-Regular",
                    "fontSize": 18,
                  }
                }
                underlineColorAndroid="transparent"
                value=""
              />
              <View
                style={
                  Object {
                    "alignItems": "center",
                    "justifyContent": "center",
                    "width": 30,
                  }
                }
              />
            </View>
          </View>
          <View
            style={
              Array [
                Object {
                  "backgroundColor": "rgba(63, 50, 77, .2)",
                  "height": 0.5,
                },
                undefined,
              ]
            }
          />
        </View>
        <View>
          <View
            style={
              Object {
                "height": 10,
              }
            }
          />
          <View
            style={
              Array [
                Object {
                  "alignItems": "center",
                  "flexDirection": "row",
                  "paddingBottom": 13,
                  "paddingHorizontal": 10,
                  "paddingTop": 9,
                },
                Object {
                  "justifyContent": "center",
                  "paddingTop": 2,
                },
              ]
            }
          >
            <View
              style={
                Object {
                  "alignItems": "center",
                }
              }
            >
              <Image
                source={
                  Object {
                    "testUri": "../../../images/iconEmailNew.png",
                  }
                }
                style={
                  Array [
                    Object {
                      "marginLeft": 16,
                      "marginRight": 13,
                    },
                    undefined,
                  ]
                }
              />
            </View>
            <View
              style={
                Object {
                  "alignItems": "center",
                  "flex": 1,
                  "flexDirection": "row",
                  "justifyContent": "center",
                }
              }
            >
              <TextInput
                allowFontScaling={true}
                autoCorrect={false}
                clearButtonMode="while-editing"
                icon={
                  Object {
                    "testUri": "../../../images/iconEmailNew.png",
                  }
                }
                label="Email"
                onChangeText={[Function]}
                onSubmitEditing={[Function]}
                placeholder="Email"
                placeholderTextColor="rgb(212,212,212)"
                returnKeyType="next"
                store={
                  ValidateItem {
                    "errorMessage": "",
                    "isValid": undefined,
                    "key": "email",
                    "value": "eric@hippware.com",
                    Symbol(mobx did run lazy initializers): true,
                    Symbol(mobx administration): ObservableObjectAdministration$$1 {
                      "defaultEnhancer": [Function],
                      "keysAtom": Atom$$1 {
                        "diffValue": 0,
                        "isBeingObserved": false,
                        "isPendingUnobservation": false,
                        "lastAccessedBy": 0,
                        "lowestObserverState": 2,
                        "name": "ValidateItem@14.keys",
                        "observers": Set {},
                      },
                      "name": "ValidateItem@14",
                      "target": [Circular],
                      "values": Map {
                        "errorMessage" => "",
                        "value" => "eric@hippware.com",
                        "isValid" => undefined,
                      },
                    },
                  }
                }
                style={
                  Object {
                    "color": "rgb(63,50,77)",
                    "flex": 1,
                    "fontFamily": "Roboto-Regular",
                    "fontSize": 18,
                  }
                }
                underlineColorAndroid="transparent"
                value="eric@hippware.com"
              />
              <View
                style={
                  Object {
                    "alignItems": "center",
                    "justifyContent": "center",
                    "width": 30,
                  }
                }
              />
            </View>
          </View>
          <View
            style={
              Array [
                Object {
                  "backgroundColor": "rgba(63, 50, 77, .2)",
                  "height": 0.5,
                },
                undefined,
              ]
            }
          />
        </View>
        <Text
          accessible={true}
          allowFontScaling={true}
          ellipsizeMode="tail"
          style={
            Array [
              Object {
                "color": undefined,
                "fontFamily": "Roboto-Medium",
                "fontSize": 17,
              },
              Object {
                "color": "rgb(63,50,77)",
                "marginBottom": 7,
                "marginTop": 30,
              },
            ]
          }
          testID="profileInfo"
        >
          Settings
        </Text>
        <View
          style={
            Array [
              Object {
                "alignItems": "center",
                "flexDirection": "row",
                "paddingBottom": 13,
                "paddingHorizontal": 10,
                "paddingTop": 9,
              },
              Object {
                "justifyContent": "center",
              },
            ]
          }
        >
          <View
            style={
              Object {
                "alignItems": "center",
              }
            }
          >
            <Image
              source={
                Object {
                  "testUri": "../../../images/blocked.png",
                }
              }
              style={
                Object {
                  "marginHorizontal": 10,
                }
              }
            />
          </View>
          <View
            style={
              Object {
                "alignItems": "center",
                "flex": 1,
                "flexDirection": "row",
                "justifyContent": "center",
              }
            }
          >
            <Text
              accessible={true}
              allowFontScaling={true}
              ellipsizeMode="tail"
              numberOfLines={1}
              style={
                Array [
                  Object {
                    "color": undefined,
                    "fontFamily": "Roboto-Regular",
                    "fontSize": 18,
                  },
                  Object {
                    "color": "rgb(63,50,77)",
                    "flex": 1,
                  },
                ]
              }
            >
              Blocked Users
            </Text>
          </View>
        </View>
        <View
          style={
            Array [
              Object {
                "backgroundColor": "rgba(63, 50, 77, .2)",
                "height": 0.5,
              },
              undefined,
            ]
          }
        />
      </View>
    </View>
    <View
      style={
        Array [
          Object {
            "alignItems": "center",
            "backgroundColor": "white",
            "width": "100%",
          },
          Object {
            "paddingVertical": 84.7,
          },
        ]
      }
    >
      Version
      <View
        accessible={true}
        isTVSelectable={true}
        onResponderGrant={[Function]}
        onResponderMove={[Function]}
        onResponderRelease={[Function]}
        onResponderTerminate={[Function]}
        onResponderTerminationRequest={[Function]}
        onStartShouldSetResponder={[Function]}
        style={
          Object {
            "opacity": 1,
          }
        }
      >
        <Text
          accessible={true}
          allowFontScaling={true}
          ellipsizeMode="tail"
          style={
            Array [
              Object {
                "color": "rgb(253,95,108)",
                "fontFamily": "Roboto-Regular",
                "fontSize": 16,
              },
              Array [
                Object {
                  "marginBottom": 15,
                },
                undefined,
              ],
            ]
          }
        >
          Terms of Service
        </Text>
      </View>
      <View
        accessible={true}
        isTVSelectable={true}
        onResponderGrant={[Function]}
        onResponderMove={[Function]}
        onResponderRelease={[Function]}
        onResponderTerminate={[Function]}
        onResponderTerminationRequest={[Function]}
        onStartShouldSetResponder={[Function]}
        style={
          Object {
            "opacity": 1,
          }
        }
      >
        <Text
          accessible={true}
          allowFontScaling={true}
          ellipsizeMode="tail"
          style={
            Array [
              Object {
                "color": "rgb(253,95,108)",
                "fontFamily": "Roboto-Regular",
                "fontSize": 16,
              },
              Array [
                Object {
                  "marginBottom": 15,
                },
                undefined,
              ],
            ]
          }
        >
          Privacy Policy
        </Text>
      </View>
      <View
        accessible={true}
        isTVSelectable={true}
        onResponderGrant={[Function]}
        onResponderMove={[Function]}
        onResponderRelease={[Function]}
        onResponderTerminate={[Function]}
        onResponderTerminationRequest={[Function]}
        onStartShouldSetResponder={[Function]}
        style={
          Object {
            "opacity": 1,
          }
        }
      >
        <Text
          accessible={true}
          allowFontScaling={true}
          ellipsizeMode="tail"
          style={
            Array [
              Object {
                "color": "rgb(253,95,108)",
                "fontFamily": "Roboto-Regular",
                "fontSize": 16,
              },
              Array [
                Object {
                  "marginBottom": 15,
                },
                undefined,
              ],
            ]
          }
        >
          Logout
        </Text>
      </View>
    </View>
  </View>
</RCTScrollView>
`;
